-- CLIENTI
9:
	TEMPO NEL SUPERMERCATO: 1129
	TEMPO IN CODA: 131
	NUMERO PRODOTTI: 27
	NUMERO CAMBI CODA: 1
0:
	TEMPO NEL SUPERMERCATO: 1607
	TEMPO IN CODA: 619
	NUMERO PRODOTTI: 2
	NUMERO CAMBI CODA: 1
21:
	TEMPO NEL SUPERMERCATO: 1069
	TEMPO IN CODA: 234
	NUMERO PRODOTTI: 6
	NUMERO CAMBI CODA: 1
10:
	TEMPO NEL SUPERMERCATO: 1953
	TEMPO IN CODA: 194
	NUMERO PRODOTTI: 30
	NUMERO CAMBI CODA: 1
28:
	TEMPO NEL SUPERMERCATO: 1759
	TEMPO IN CODA: 864
	NUMERO PRODOTTI: 12
	NUMERO CAMBI CODA: 1
14:
	TEMPO NEL SUPERMERCATO: 2729
	TEMPO IN CODA: 1158
	NUMERO PRODOTTI: 24
	NUMERO CAMBI CODA: 1
11:
	TEMPO NEL SUPERMERCATO: 3159
	TEMPO IN CODA: 1240
	NUMERO PRODOTTI: 14
	NUMERO CAMBI CODA: 1
27:
	TEMPO NEL SUPERMERCATO: 3011
	TEMPO IN CODA: 16
	NUMERO PRODOTTI: 0
	NUMERO CAMBI CODA: 0
43:
	TEMPO NEL SUPERMERCATO: 2748
	TEMPO IN CODA: 0
	NUMERO PRODOTTI: 0
	NUMERO CAMBI CODA: 0
22:
	TEMPO NEL SUPERMERCATO: 3398
	TEMPO IN CODA: 0
	NUMERO PRODOTTI: 0
	NUMERO CAMBI CODA: 0
17:
	TEMPO NEL SUPERMERCATO: 3668
	TEMPO IN CODA: 0
	NUMERO PRODOTTI: 0
	NUMERO CAMBI CODA: 0
44:
	TEMPO NEL SUPERMERCATO: 2921
	TEMPO IN CODA: 0
	NUMERO PRODOTTI: 0
	NUMERO CAMBI CODA: 0
33:
	TEMPO NEL SUPERMERCATO: 3237
	TEMPO IN CODA: 0
	NUMERO PRODOTTI: 0
	NUMERO CAMBI CODA: 0
48:
	TEMPO NEL SUPERMERCATO: 3022
	TEMPO IN CODA: 1577
	NUMERO PRODOTTI: 40
	NUMERO CAMBI CODA: 1
50:
	TEMPO NEL SUPERMERCATO: 2111
	TEMPO IN CODA: 0
	NUMERO PRODOTTI: 0
	NUMERO CAMBI CODA: 0
6:
	TEMPO NEL SUPERMERCATO: 4177
	TEMPO IN CODA: 0
	NUMERO PRODOTTI: 0
	NUMERO CAMBI CODA: 0
12:
	TEMPO NEL SUPERMERCATO: 4016
	TEMPO IN CODA: 0
	NUMERO PRODOTTI: 0
	NUMERO CAMBI CODA: 0
20:
	TEMPO NEL SUPERMERCATO: 3812
	TEMPO IN CODA: 1592992526161
	NUMERO PRODOTTI: 0
	NUMERO CAMBI CODA: 1
29:
	TEMPO NEL SUPERMERCATO: 3533
	TEMPO IN CODA: 0
	NUMERO PRODOTTI: 0
	NUMERO CAMBI CODA: 0
3:
	TEMPO NEL SUPERMERCATO: 4250
	TEMPO IN CODA: 1592992525385
	NUMERO PRODOTTI: 0
	NUMERO CAMBI CODA: 1
40:
	TEMPO NEL SUPERMERCATO: 3218
	TEMPO IN CODA: 0
	NUMERO PRODOTTI: 0
	NUMERO CAMBI CODA: 0
49:
	TEMPO NEL SUPERMERCATO: 3009
	TEMPO IN CODA: 0
	NUMERO PRODOTTI: 0
	NUMERO CAMBI CODA: 0
53:
	TEMPO NEL SUPERMERCATO: 2119
	TEMPO IN CODA: 0
	NUMERO PRODOTTI: 0
	NUMERO CAMBI CODA: 0
1:
	TEMPO NEL SUPERMERCATO: 4302
	TEMPO IN CODA: 0
	NUMERO PRODOTTI: 0
	NUMERO CAMBI CODA: 0
7:
	TEMPO NEL SUPERMERCATO: 4163
	TEMPO IN CODA: 0
	NUMERO PRODOTTI: 0
	NUMERO CAMBI CODA: 0
8:
	TEMPO NEL SUPERMERCATO: 4144
	TEMPO IN CODA: 1592992525528
	NUMERO PRODOTTI: 0
	NUMERO CAMBI CODA: 1
13:
	TEMPO NEL SUPERMERCATO: 4009
	TEMPO IN CODA: 1592992525482
	NUMERO PRODOTTI: 0
	NUMERO CAMBI CODA: 1
2:
	TEMPO NEL SUPERMERCATO: 4289
	TEMPO IN CODA: 0
	NUMERO PRODOTTI: 0
	NUMERO CAMBI CODA: 0
15:
	TEMPO NEL SUPERMERCATO: 3961
	TEMPO IN CODA: 0
	NUMERO PRODOTTI: 0
	NUMERO CAMBI CODA: 0
16:
	TEMPO NEL SUPERMERCATO: 3931
	TEMPO IN CODA: 0
	NUMERO PRODOTTI: 0
	NUMERO CAMBI CODA: 0
18:
	TEMPO NEL SUPERMERCATO: 3883
	TEMPO IN CODA: 0
	NUMERO PRODOTTI: 0
	NUMERO CAMBI CODA: 0
19:
	TEMPO NEL SUPERMERCATO: 3859
	TEMPO IN CODA: 0
	NUMERO PRODOTTI: 0
	NUMERO CAMBI CODA: 0
23:
	TEMPO NEL SUPERMERCATO: 3759
	TEMPO IN CODA: 0
	NUMERO PRODOTTI: 0
	NUMERO CAMBI CODA: 0
52:
	TEMPO NEL SUPERMERCATO: 2139
	TEMPO IN CODA: 0
	NUMERO PRODOTTI: 0
	NUMERO CAMBI CODA: 0
24:
	TEMPO NEL SUPERMERCATO: 3735
	TEMPO IN CODA: 0
	NUMERO PRODOTTI: 0
	NUMERO CAMBI CODA: 0
25:
	TEMPO NEL SUPERMERCATO: 3714
	TEMPO IN CODA: 0
	NUMERO PRODOTTI: 0
	NUMERO CAMBI CODA: 0
26:
	TEMPO NEL SUPERMERCATO: 3649
	TEMPO IN CODA: 0
	NUMERO PRODOTTI: 0
	NUMERO CAMBI CODA: 0
30:
	TEMPO NEL SUPERMERCATO: 3541
	TEMPO IN CODA: 1592992526349
	NUMERO PRODOTTI: 0
	NUMERO CAMBI CODA: 1
51:
	TEMPO NEL SUPERMERCATO: 2145
	TEMPO IN CODA: 0
	NUMERO PRODOTTI: 0
	NUMERO CAMBI CODA: 0
31:
	TEMPO NEL SUPERMERCATO: 3520
	TEMPO IN CODA: 0
	NUMERO PRODOTTI: 0
	NUMERO CAMBI CODA: 0
32:
	TEMPO NEL SUPERMERCATO: 3497
	TEMPO IN CODA: 0
	NUMERO PRODOTTI: 0
	NUMERO CAMBI CODA: 0
34:
	TEMPO NEL SUPERMERCATO: 3448
	TEMPO IN CODA: 0
	NUMERO PRODOTTI: 0
	NUMERO CAMBI CODA: 0
36:
	TEMPO NEL SUPERMERCATO: 3359
	TEMPO IN CODA: 1592992526202
	NUMERO PRODOTTI: 0
	NUMERO CAMBI CODA: 1
35:
	TEMPO NEL SUPERMERCATO: 3405
	TEMPO IN CODA: 1592992525848
	NUMERO PRODOTTI: 0
	NUMERO CAMBI CODA: 1
37:
	TEMPO NEL SUPERMERCATO: 3329
	TEMPO IN CODA: 1592992526802
	NUMERO PRODOTTI: 0
	NUMERO CAMBI CODA: 1
38:
	TEMPO NEL SUPERMERCATO: 3305
	TEMPO IN CODA: 1592992526507
	NUMERO PRODOTTI: 0
	NUMERO CAMBI CODA: 1
39:
	TEMPO NEL SUPERMERCATO: 3284
	TEMPO IN CODA: 0
	NUMERO PRODOTTI: 0
	NUMERO CAMBI CODA: 0
4:
	TEMPO NEL SUPERMERCATO: 4270
	TEMPO IN CODA: 0
	NUMERO PRODOTTI: 0
	NUMERO CAMBI CODA: 0
41:
	TEMPO NEL SUPERMERCATO: 3239
	TEMPO IN CODA: 0
	NUMERO PRODOTTI: 0
	NUMERO CAMBI CODA: 0
42:
	TEMPO NEL SUPERMERCATO: 3215
	TEMPO IN CODA: 0
	NUMERO PRODOTTI: 0
	NUMERO CAMBI CODA: 0
45:
	TEMPO NEL SUPERMERCATO: 3147
	TEMPO IN CODA: 0
	NUMERO PRODOTTI: 0
	NUMERO CAMBI CODA: 0
46:
	TEMPO NEL SUPERMERCATO: 3125
	TEMPO IN CODA: 0
	NUMERO PRODOTTI: 0
	NUMERO CAMBI CODA: 0
47:
	TEMPO NEL SUPERMERCATO: 3104
	TEMPO IN CODA: 0
	NUMERO PRODOTTI: 0
	NUMERO CAMBI CODA: 0
5:
	TEMPO NEL SUPERMERCATO: 4253
	TEMPO IN CODA: 0
	NUMERO PRODOTTI: 0
	NUMERO CAMBI CODA: 0
-- GENERALE
NUMERO CLIENTI: 54
PRODOTTI VENDUTI: 155
SIGNAL: SIGQUIT
-- CASSE
0:
	NUMERO CLIENTI: 8
	TEMPO CLIENTI:
		615
		186
		194
		675
		314
		561
		355
		874
	NUMERO PRODOTTI: 155
	NUMERO CHIUSURE: 1
	APERTURE:
		4319
1:
	NUMERO CLIENTI: 0
	TEMPO CLIENTI:
	NUMERO PRODOTTI: 0
	NUMERO CHIUSURE: 0
	APERTURE:
2:
	NUMERO CLIENTI: 0
	TEMPO CLIENTI:
	NUMERO PRODOTTI: 0
	NUMERO CHIUSURE: 0
	APERTURE:
